Component: ARM Compiler 5.06 update 6 (build 750) Tool: armlink [4d35ed]

==============================================================================

Small function inlining results

Inlined total of 0 calls.

==============================================================================

Image Symbol Table

    Local Symbols

    Symbol Name                              Value     Ov Type        Size  Object(Section)

    RESET                                    0x00000000   Section      500  startup_m480.o(RESET)
    ../clib/microlib/division.c              0x00000000   Number         0  uldiv.o ABSOLUTE
    ../clib/microlib/division.c              0x00000000   Number         0  uidiv.o ABSOLUTE
    ../clib/microlib/init/entry.s            0x00000000   Number         0  entry8b.o ABSOLUTE
    ../clib/microlib/init/entry.s            0x00000000   Number         0  entry5.o ABSOLUTE
    ../clib/microlib/init/entry.s            0x00000000   Number         0  entry9a.o ABSOLUTE
    ../clib/microlib/init/entry.s            0x00000000   Number         0  entry2.o ABSOLUTE
    ../clib/microlib/init/entry.s            0x00000000   Number         0  entry9b.o ABSOLUTE
    ../clib/microlib/init/entry.s            0x00000000   Number         0  entry7a.o ABSOLUTE
    ../clib/microlib/init/entry.s            0x00000000   Number         0  entry.o ABSOLUTE
    ../clib/microlib/init/entry.s            0x00000000   Number         0  entry11b.o ABSOLUTE
    ../clib/microlib/init/entry.s            0x00000000   Number         0  entry11a.o ABSOLUTE
    ../clib/microlib/init/entry.s            0x00000000   Number         0  entry10b.o ABSOLUTE
    ../clib/microlib/init/entry.s            0x00000000   Number         0  entry10a.o ABSOLUTE
    ../clib/microlib/init/entry.s            0x00000000   Number         0  entry8a.o ABSOLUTE
    ../clib/microlib/init/entry.s            0x00000000   Number         0  entry7b.o ABSOLUTE
    ../clib/microlib/longlong.c              0x00000000   Number         0  llshl.o ABSOLUTE
    ../clib/microlib/longlong.c              0x00000000   Number         0  llushr.o ABSOLUTE
    ../clib/microlib/longlong.c              0x00000000   Number         0  llsshr.o ABSOLUTE
    ../clib/microlib/printf/printf.c         0x00000000   Number         0  printf3.o ABSOLUTE
    ../clib/microlib/printf/printf.c         0x00000000   Number         0  printf0.o ABSOLUTE
    ../clib/microlib/printf/printf.c         0x00000000   Number         0  printf1.o ABSOLUTE
    ../clib/microlib/printf/printf.c         0x00000000   Number         0  printf2.o ABSOLUTE
    ../clib/microlib/printf/printf.c         0x00000000   Number         0  printfa.o ABSOLUTE
    ../clib/microlib/printf/printf.c         0x00000000   Number         0  printf4.o ABSOLUTE
    ../clib/microlib/printf/printf.c         0x00000000   Number         0  printf5.o ABSOLUTE
    ../clib/microlib/printf/printf.c         0x00000000   Number         0  printf6.o ABSOLUTE
    ../clib/microlib/printf/printf.c         0x00000000   Number         0  printf7.o ABSOLUTE
    ../clib/microlib/printf/printf.c         0x00000000   Number         0  printf8.o ABSOLUTE
    ../clib/microlib/printf/printf.c         0x00000000   Number         0  printfb.o ABSOLUTE
    ../clib/microlib/printf/stubs.s          0x00000000   Number         0  stubs.o ABSOLUTE
    ../clib/microlib/string/memcpy.c         0x00000000   Number         0  memcpya.o ABSOLUTE
    ../clib/microlib/string/memcpy.c         0x00000000   Number         0  memcpyb.o ABSOLUTE
    ../clib/microlib/stubs.s                 0x00000000   Number         0  iusefp.o ABSOLUTE
    ../fplib/microlib/fpadd.c                0x00000000   Number         0  dadd.o ABSOLUTE
    ../fplib/microlib/fpdiv.c                0x00000000   Number         0  ddiv.o ABSOLUTE
    ../fplib/microlib/fpepilogue.c           0x00000000   Number         0  depilogue.o ABSOLUTE
    ../fplib/microlib/fpfix.c                0x00000000   Number         0  dfixul.o ABSOLUTE
    ../fplib/microlib/fpmul.c                0x00000000   Number         0  dmul.o ABSOLUTE
    ..\..\..\Library\Device\Nuvoton\M480\Source\ARM\startup_M480.s 0x00000000   Number         0  startup_m480.o ABSOLUTE
    ..\..\..\Library\Device\Nuvoton\M480\Source\system_M480.c 0x00000000   Number         0  system_m480.o ABSOLUTE
    ..\..\..\Library\StdDriver\src\clk.c     0x00000000   Number         0  clk.o ABSOLUTE
    ..\..\..\Library\StdDriver\src\gpio.c    0x00000000   Number         0  gpio.o ABSOLUTE
    ..\..\..\Library\StdDriver\src\pdma.c    0x00000000   Number         0  pdma.o ABSOLUTE
    ..\..\..\Library\StdDriver\src\retarget.c 0x00000000   Number         0  retarget.o ABSOLUTE
    ..\..\..\Library\StdDriver\src\spi.c     0x00000000   Number         0  spi.o ABSOLUTE
    ..\..\..\Library\StdDriver\src\sys.c     0x00000000   Number         0  sys.o ABSOLUTE
    ..\..\..\Library\StdDriver\src\timer.c   0x00000000   Number         0  timer.o ABSOLUTE
    ..\..\..\Library\StdDriver\src\uart.c    0x00000000   Number         0  uart.o ABSOLUTE
    ..\\..\\..\\Library\\Device\\Nuvoton\\M480\\Source\\system_M480.c 0x00000000   Number         0  system_m480.o ABSOLUTE
    ..\\..\\..\\Library\\StdDriver\\src\\clk.c 0x00000000   Number         0  clk.o ABSOLUTE
    ..\\..\\..\\Library\\StdDriver\\src\\gpio.c 0x00000000   Number         0  gpio.o ABSOLUTE
    ..\\..\\..\\Library\\StdDriver\\src\\pdma.c 0x00000000   Number         0  pdma.o ABSOLUTE
    ..\\..\\..\\Library\\StdDriver\\src\\retarget.c 0x00000000   Number         0  retarget.o ABSOLUTE
    ..\\..\\..\\Library\\StdDriver\\src\\spi.c 0x00000000   Number         0  spi.o ABSOLUTE
    ..\\..\\..\\Library\\StdDriver\\src\\sys.c 0x00000000   Number         0  sys.o ABSOLUTE
    ..\\..\\..\\Library\\StdDriver\\src\\timer.c 0x00000000   Number         0  timer.o ABSOLUTE
    ..\\..\\..\\Library\\StdDriver\\src\\uart.c 0x00000000   Number         0  uart.o ABSOLUTE
    ..\\main.c                               0x00000000   Number         0  main.o ABSOLUTE
    ..\main.c                                0x00000000   Number         0  main.o ABSOLUTE
    cdrcmple.s                               0x00000000   Number         0  cdrcmple.o ABSOLUTE
    handlers.s                               0x00000000   Number         0  handlers.o ABSOLUTE
    init.s                                   0x00000000   Number         0  init.o ABSOLUTE
    .ARM.Collect$$$$00000000                 0x000001f4   Section        0  entry.o(.ARM.Collect$$$$00000000)
    .ARM.Collect$$$$00000001                 0x000001f4   Section        4  entry2.o(.ARM.Collect$$$$00000001)
    .ARM.Collect$$$$00000004                 0x000001f8   Section        4  entry5.o(.ARM.Collect$$$$00000004)
    .ARM.Collect$$$$00000008                 0x000001fc   Section        0  entry7b.o(.ARM.Collect$$$$00000008)
    .ARM.Collect$$$$0000000A                 0x000001fc   Section        0  entry8b.o(.ARM.Collect$$$$0000000A)
    .ARM.Collect$$$$0000000B                 0x000001fc   Section        8  entry9a.o(.ARM.Collect$$$$0000000B)
    .ARM.Collect$$$$0000000D                 0x00000204   Section        0  entry10a.o(.ARM.Collect$$$$0000000D)
    .ARM.Collect$$$$0000000F                 0x00000204   Section        0  entry11a.o(.ARM.Collect$$$$0000000F)
    .ARM.Collect$$$$00002712                 0x00000204   Section        4  entry2.o(.ARM.Collect$$$$00002712)
    __lit__00000000                          0x00000204   Data           4  entry2.o(.ARM.Collect$$$$00002712)
    .emb_text                                0x00000208   Section       28  retarget.o(.emb_text)
    $v0                                      0x00000208   Number         0  retarget.o(.emb_text)
    .text                                    0x00000224   Section      104  startup_m480.o(.text)
    $v0                                      0x00000224   Number         0  startup_m480.o(.text)
    Default_Handler                          0x00000277   Thumb Code     2  startup_m480.o(.text)
    .text                                    0x0000028c   Section        0  memcpya.o(.text)
    .text                                    0x000002b0   Section        0  uldiv.o(.text)
    .text                                    0x00000314   Section       36  init.o(.text)
    .text                                    0x00000338   Section        0  llshl.o(.text)
    .text                                    0x00000356   Section        0  llushr.o(.text)
    i.CLK_DisablePLL                         0x00000376   Section        0  clk.o(i.CLK_DisablePLL)
    i.CLK_EnableModuleClock                  0x00000388   Section        0  clk.o(i.CLK_EnableModuleClock)
    i.CLK_EnablePLL                          0x000003a4   Section        0  clk.o(i.CLK_EnablePLL)
    i.CLK_EnableXtalRC                       0x000004f8   Section        0  clk.o(i.CLK_EnableXtalRC)
    i.CLK_GetCPUFreq                         0x00000508   Section        0  clk.o(i.CLK_GetCPUFreq)
    i.CLK_GetHCLKFreq                        0x00000518   Section        0  clk.o(i.CLK_GetHCLKFreq)
    i.CLK_GetHXTFreq                         0x00000528   Section        0  clk.o(i.CLK_GetHXTFreq)
    i.CLK_GetLXTFreq                         0x0000053c   Section        0  clk.o(i.CLK_GetLXTFreq)
    i.CLK_GetPCLK0Freq                       0x00000554   Section        0  clk.o(i.CLK_GetPCLK0Freq)
    i.CLK_GetPCLK1Freq                       0x000005b8   Section        0  clk.o(i.CLK_GetPCLK1Freq)
    i.CLK_GetPLLClockFreq                    0x00000620   Section        0  clk.o(i.CLK_GetPLLClockFreq)
    i.CLK_SetCoreClock                       0x00000670   Section        0  clk.o(i.CLK_SetCoreClock)
    i.CLK_SetHCLK                            0x000006f4   Section        0  clk.o(i.CLK_SetHCLK)
    i.CLK_SetModuleClock                     0x00000758   Section        0  clk.o(i.CLK_SetModuleClock)
    i.CLK_WaitClockReady                     0x000007ec   Section        0  clk.o(i.CLK_WaitClockReady)
    i.GPIO_SetMode                           0x00000818   Section        0  gpio.o(i.GPIO_SetMode)
    i.GPIO_SetSlewCtl                        0x00000844   Section        0  gpio.o(i.GPIO_SetSlewCtl)
    i.Hard_Fault_Handler                     0x00000870   Section        0  retarget.o(i.Hard_Fault_Handler)
    __tagsym$$used                           0x00000871   Number         0  retarget.o(i.Hard_Fault_Handler)
    i.LED_Init                               0x00000898   Section        0  main.o(i.LED_Init)
    i.NVIC_EnableIRQ                         0x000008c4   Section        0  main.o(i.NVIC_EnableIRQ)
    NVIC_EnableIRQ                           0x000008c5   Thumb Code    22  main.o(i.NVIC_EnableIRQ)
    i.PDMA_EnableInt                         0x000008da   Section        0  pdma.o(i.PDMA_EnableInt)
    i.PDMA_IRQHandler                        0x00000910   Section        0  main.o(i.PDMA_IRQHandler)
    i.PDMA_Open                              0x00000970   Section        0  pdma.o(i.PDMA_Open)
    i.PDMA_SetBurstType                      0x000009a0   Section        0  pdma.o(i.PDMA_SetBurstType)
    i.PDMA_SetTransferAddr                   0x000009b6   Section        0  pdma.o(i.PDMA_SetTransferAddr)
    i.PDMA_SetTransferCnt                    0x000009d8   Section        0  pdma.o(i.PDMA_SetTransferCnt)
    i.PDMA_SetTransferMode                   0x000009fc   Section        0  pdma.o(i.PDMA_SetTransferMode)
    i.SPI1_IRQHandler                        0x00000b3c   Section        0  main.o(i.SPI1_IRQHandler)
    i.SPI_DisableInt                         0x00000b70   Section        0  spi.o(i.SPI_DisableInt)
    i.SPI_EnableInt                          0x00000bea   Section        0  spi.o(i.SPI_EnableInt)
    i.SPI_Master_Init                        0x00000c64   Section        0  main.o(i.SPI_Master_Init)
    i.SPI_Master_PDMA_Enable                 0x00000cbc   Section        0  main.o(i.SPI_Master_PDMA_Enable)
    i.SPI_Master_PDMA_PreInit                0x00000d58   Section        0  main.o(i.SPI_Master_PDMA_PreInit)
    i.SPI_Open                               0x00000e00   Section        0  spi.o(i.SPI_Open)
    i.SPI_SetFIFO                            0x00000ff4   Section        0  spi.o(i.SPI_SetFIFO)
    i.SYS_Init                               0x00001008   Section        0  main.o(i.SYS_Init)
    i.SYS_UnlockReg                          0x000010c0   Section        0  main.o(i.SYS_UnlockReg)
    SYS_UnlockReg                            0x000010c1   Thumb Code    32  main.o(i.SYS_UnlockReg)
    i.SendChar                               0x000010e0   Section        0  retarget.o(i.SendChar)
    SendChar                                 0x000010e1   Thumb Code    26  retarget.o(i.SendChar)
    i.SystemCoreClockUpdate                  0x00001100   Section        0  system_m480.o(i.SystemCoreClockUpdate)
    i.SystemInit                             0x00001148   Section        0  system_m480.o(i.SystemInit)
    i.TIMER0_HW_Init                         0x000011c0   Section        0  main.o(i.TIMER0_HW_Init)
    i.TIMER1_HW_Init                         0x000011e0   Section        0  main.o(i.TIMER1_HW_Init)
    i.TIMER1_Init                            0x00001200   Section        0  main.o(i.TIMER1_Init)
    i.TIMER_GetModuleClock                   0x00001230   Section        0  timer.o(i.TIMER_GetModuleClock)
    i.TIMER_Open                             0x000012a8   Section        0  timer.o(i.TIMER_Open)
    i.TMR1_IRQHandler                        0x000012e0   Section        0  main.o(i.TMR1_IRQHandler)
    i.UART_Open                              0x00001338   Section        0  uart.o(i.UART_Open)
    i.__0printf$8                            0x00001450   Section        0  printf8.o(i.__0printf$8)
    i.__scatterload_copy                     0x00001470   Section       14  handlers.o(i.__scatterload_copy)
    i.__scatterload_null                     0x0000147e   Section        2  handlers.o(i.__scatterload_null)
    i.__scatterload_zeroinit                 0x00001480   Section       14  handlers.o(i.__scatterload_zeroinit)
    i._printf_core                           0x00001490   Section        0  printf8.o(i._printf_core)
    _printf_core                             0x00001491   Thumb Code   996  printf8.o(i._printf_core)
    i._printf_post_padding                   0x000018a0   Section        0  printf8.o(i._printf_post_padding)
    _printf_post_padding                     0x000018a1   Thumb Code    36  printf8.o(i._printf_post_padding)
    i._printf_pre_padding                    0x000018c4   Section        0  printf8.o(i._printf_pre_padding)
    _printf_pre_padding                      0x000018c5   Thumb Code    46  printf8.o(i._printf_pre_padding)
    i.fputc                                  0x000018f2   Section        0  retarget.o(i.fputc)
    i.main                                   0x00001900   Section        0  main.o(i.main)
    i.stackDump                              0x00001a04   Section        0  retarget.o(i.stackDump)
    stackDump                                0x00001a05   Thumb Code    72  retarget.o(i.stackDump)
    i.tick_counter                           0x00001aac   Section        0  main.o(i.tick_counter)
    .constdata                               0x00001abc   Section       48  uart.o(.constdata)
    .constdata                               0x00001aec   Section       32  timer.o(.constdata)
    .data                                    0x20000000   Section       44  system_m480.o(.data)
    .data                                    0x2000002c   Section        4  retarget.o(.data)
    .data                                    0x20000030   Section       28  main.o(.data)
    j                                        0x20000030   Data           2  main.o(.data)
    CNT                                      0x20000032   Data           2  main.o(.data)
    .bss                                     0x2000004c   Section       16  pdma.o(.bss)
    u32ChSelect                              0x2000004c   Data          16  pdma.o(.bss)
    STACK                                    0x20000060   Section     2048  startup_m480.o(STACK)

    Global Symbols

    Symbol Name                              Value     Ov Type        Size  Object(Section)

    BuildAttributes$$THM_ISAv4$E$P$D$K$B$S$7EM$VFPi3$EXTD16$VFPS$VFMA$PE$A:L22UL41UL21$X:L11$S22US41US21$IEEE1$IW$USESV6$~STKCKD$USESV7$~SHL$OSPACE$ROPI$EBA8$MICROLIB$REQ8$PRES8$EABIv2 0x00000000   Number         0  anon$$obj.o ABSOLUTE
    __ARM_use_no_argv                        0x00000000   Number         0  main.o ABSOLUTE
    __Vectors                                0x00000000   Data           4  startup_m480.o(RESET)
    _printf_a                                0x00000000   Number         0  stubs.o ABSOLUTE
    _printf_c                                0x00000000   Number         0  stubs.o ABSOLUTE
    _printf_charcount                        0x00000000   Number         0  stubs.o ABSOLUTE
    _printf_d                                0x00000000   Number         0  stubs.o ABSOLUTE
    _printf_e                                0x00000000   Number         0  stubs.o ABSOLUTE
    _printf_f                                0x00000000   Number         0  stubs.o ABSOLUTE
    _printf_flags                            0x00000000   Number         0  stubs.o ABSOLUTE
    _printf_fp_dec                           0x00000000   Number         0  stubs.o ABSOLUTE
    _printf_fp_hex                           0x00000000   Number         0  stubs.o ABSOLUTE
    _printf_g                                0x00000000   Number         0  stubs.o ABSOLUTE
    _printf_i                                0x00000000   Number         0  stubs.o ABSOLUTE
    _printf_int_dec                          0x00000000   Number         0  stubs.o ABSOLUTE
    _printf_l                                0x00000000   Number         0  stubs.o ABSOLUTE
    _printf_lc                               0x00000000   Number         0  stubs.o ABSOLUTE
    _printf_ll                               0x00000000   Number         0  stubs.o ABSOLUTE
    _printf_lld                              0x00000000   Number         0  stubs.o ABSOLUTE
    _printf_lli                              0x00000000   Number         0  stubs.o ABSOLUTE
    _printf_llo                              0x00000000   Number         0  stubs.o ABSOLUTE
    _printf_llu                              0x00000000   Number         0  stubs.o ABSOLUTE
    _printf_llx                              0x00000000   Number         0  stubs.o ABSOLUTE
    _printf_longlong_dec                     0x00000000   Number         0  stubs.o ABSOLUTE
    _printf_longlong_hex                     0x00000000   Number         0  stubs.o ABSOLUTE
    _printf_longlong_oct                     0x00000000   Number         0  stubs.o ABSOLUTE
    _printf_ls                               0x00000000   Number         0  stubs.o ABSOLUTE
    _printf_mbtowc                           0x00000000   Number         0  stubs.o ABSOLUTE
    _printf_n                                0x00000000   Number         0  stubs.o ABSOLUTE
    _printf_o                                0x00000000   Number         0  stubs.o ABSOLUTE
    _printf_p                                0x00000000   Number         0  stubs.o ABSOLUTE
    _printf_percent                          0x00000000   Number         0  stubs.o ABSOLUTE
    _printf_pre_padding                      0x00000000   Number         0  stubs.o ABSOLUTE
    _printf_return_value                     0x00000000   Number         0  stubs.o ABSOLUTE
    _printf_s                                0x00000000   Number         0  stubs.o ABSOLUTE
    _printf_sizespec                         0x00000000   Number         0  stubs.o ABSOLUTE
    _printf_str                              0x00000000   Number         0  stubs.o ABSOLUTE
    _printf_truncate_signed                  0x00000000   Number         0  stubs.o ABSOLUTE
    _printf_truncate_unsigned                0x00000000   Number         0  stubs.o ABSOLUTE
    _printf_u                                0x00000000   Number         0  stubs.o ABSOLUTE
    _printf_wc                               0x00000000   Number         0  stubs.o ABSOLUTE
    _printf_wctomb                           0x00000000   Number         0  stubs.o ABSOLUTE
    _printf_widthprec                        0x00000000   Number         0  stubs.o ABSOLUTE
    _printf_x                                0x00000000   Number         0  stubs.o ABSOLUTE
    __cpp_initialize__aeabi_                  - Undefined Weak Reference
    __cxa_finalize                            - Undefined Weak Reference
    __decompress                              - Undefined Weak Reference
    _clock_init                               - Undefined Weak Reference
    _microlib_exit                            - Undefined Weak Reference
    __Vectors_End                            0x000001f4   Data           0  startup_m480.o(RESET)
    __Vectors_Size                           0x000001f4   Number         0  startup_m480.o ABSOLUTE
    __main                                   0x000001f5   Thumb Code     0  entry.o(.ARM.Collect$$$$00000000)
    _main_stk                                0x000001f5   Thumb Code     0  entry2.o(.ARM.Collect$$$$00000001)
    _main_scatterload                        0x000001f9   Thumb Code     0  entry5.o(.ARM.Collect$$$$00000004)
    __main_after_scatterload                 0x000001fd   Thumb Code     0  entry5.o(.ARM.Collect$$$$00000004)
    _main_clock                              0x000001fd   Thumb Code     0  entry7b.o(.ARM.Collect$$$$00000008)
    _main_cpp_init                           0x000001fd   Thumb Code     0  entry8b.o(.ARM.Collect$$$$0000000A)
    _main_init                               0x000001fd   Thumb Code     0  entry9a.o(.ARM.Collect$$$$0000000B)
    __rt_final_cpp                           0x00000205   Thumb Code     0  entry10a.o(.ARM.Collect$$$$0000000D)
    __rt_final_exit                          0x00000205   Thumb Code     0  entry11a.o(.ARM.Collect$$$$0000000F)
    HardFault_Handler                        0x00000209   Thumb Code    24  retarget.o(.emb_text)
    Reset_Handler                            0x00000225   Thumb Code    64  startup_m480.o(.text)
    NMI_Handler                              0x00000265   Thumb Code     2  startup_m480.o(.text)
    MemManage_Handler                        0x00000269   Thumb Code     2  startup_m480.o(.text)
    BusFault_Handler                         0x0000026b   Thumb Code     2  startup_m480.o(.text)
    UsageFault_Handler                       0x0000026d   Thumb Code     2  startup_m480.o(.text)
    SVC_Handler                              0x0000026f   Thumb Code     2  startup_m480.o(.text)
    DebugMon_Handler                         0x00000271   Thumb Code     2  startup_m480.o(.text)
    PendSV_Handler                           0x00000273   Thumb Code     2  startup_m480.o(.text)
    SysTick_Handler                          0x00000275   Thumb Code     2  startup_m480.o(.text)
    ACMP01_IRQHandler                        0x00000277   Thumb Code     0  startup_m480.o(.text)
    BOD_IRQHandler                           0x00000277   Thumb Code     0  startup_m480.o(.text)
    BPWM0_IRQHandler                         0x00000277   Thumb Code     0  startup_m480.o(.text)
    BPWM1_IRQHandler                         0x00000277   Thumb Code     0  startup_m480.o(.text)
    BRAKE0_IRQHandler                        0x00000277   Thumb Code     0  startup_m480.o(.text)
    BRAKE1_IRQHandler                        0x00000277   Thumb Code     0  startup_m480.o(.text)
    CAN0_IRQHandler                          0x00000277   Thumb Code     0  startup_m480.o(.text)
    CAN1_IRQHandler                          0x00000277   Thumb Code     0  startup_m480.o(.text)
    CAN2_IRQHandler                          0x00000277   Thumb Code     0  startup_m480.o(.text)
    CCAP_IRQHandler                          0x00000277   Thumb Code     0  startup_m480.o(.text)
    CKFAIL_IRQHandler                        0x00000277   Thumb Code     0  startup_m480.o(.text)
    CRYPTO_IRQHandler                        0x00000277   Thumb Code     0  startup_m480.o(.text)
    DAC_IRQHandler                           0x00000277   Thumb Code     0  startup_m480.o(.text)
    EADC00_IRQHandler                        0x00000277   Thumb Code     0  startup_m480.o(.text)
    EADC01_IRQHandler                        0x00000277   Thumb Code     0  startup_m480.o(.text)
    EADC02_IRQHandler                        0x00000277   Thumb Code     0  startup_m480.o(.text)
    EADC03_IRQHandler                        0x00000277   Thumb Code     0  startup_m480.o(.text)
    EADC10_IRQHandler                        0x00000277   Thumb Code     0  startup_m480.o(.text)
    EADC11_IRQHandler                        0x00000277   Thumb Code     0  startup_m480.o(.text)
    EADC12_IRQHandler                        0x00000277   Thumb Code     0  startup_m480.o(.text)
    EADC13_IRQHandler                        0x00000277   Thumb Code     0  startup_m480.o(.text)
    ECAP0_IRQHandler                         0x00000277   Thumb Code     0  startup_m480.o(.text)
    ECAP1_IRQHandler                         0x00000277   Thumb Code     0  startup_m480.o(.text)
    EHCI_IRQHandler                          0x00000277   Thumb Code     0  startup_m480.o(.text)
    EINT0_IRQHandler                         0x00000277   Thumb Code     0  startup_m480.o(.text)
    EINT1_IRQHandler                         0x00000277   Thumb Code     0  startup_m480.o(.text)
    EINT2_IRQHandler                         0x00000277   Thumb Code     0  startup_m480.o(.text)
    EINT3_IRQHandler                         0x00000277   Thumb Code     0  startup_m480.o(.text)
    EINT4_IRQHandler                         0x00000277   Thumb Code     0  startup_m480.o(.text)
    EINT5_IRQHandler                         0x00000277   Thumb Code     0  startup_m480.o(.text)
    EINT6_IRQHandler                         0x00000277   Thumb Code     0  startup_m480.o(.text)
    EINT7_IRQHandler                         0x00000277   Thumb Code     0  startup_m480.o(.text)
    EMAC_RX_IRQHandler                       0x00000277   Thumb Code     0  startup_m480.o(.text)
    EMAC_TX_IRQHandler                       0x00000277   Thumb Code     0  startup_m480.o(.text)
    EPWM0P0_IRQHandler                       0x00000277   Thumb Code     0  startup_m480.o(.text)
    EPWM0P1_IRQHandler                       0x00000277   Thumb Code     0  startup_m480.o(.text)
    EPWM0P2_IRQHandler                       0x00000277   Thumb Code     0  startup_m480.o(.text)
    EPWM1P0_IRQHandler                       0x00000277   Thumb Code     0  startup_m480.o(.text)
    EPWM1P1_IRQHandler                       0x00000277   Thumb Code     0  startup_m480.o(.text)
    EPWM1P2_IRQHandler                       0x00000277   Thumb Code     0  startup_m480.o(.text)
    GPA_IRQHandler                           0x00000277   Thumb Code     0  startup_m480.o(.text)
    GPB_IRQHandler                           0x00000277   Thumb Code     0  startup_m480.o(.text)
    GPC_IRQHandler                           0x00000277   Thumb Code     0  startup_m480.o(.text)
    GPD_IRQHandler                           0x00000277   Thumb Code     0  startup_m480.o(.text)
    GPE_IRQHandler                           0x00000277   Thumb Code     0  startup_m480.o(.text)
    GPF_IRQHandler                           0x00000277   Thumb Code     0  startup_m480.o(.text)
    GPG_IRQHandler                           0x00000277   Thumb Code     0  startup_m480.o(.text)
    GPH_IRQHandler                           0x00000277   Thumb Code     0  startup_m480.o(.text)
    I2C0_IRQHandler                          0x00000277   Thumb Code     0  startup_m480.o(.text)
    I2C1_IRQHandler                          0x00000277   Thumb Code     0  startup_m480.o(.text)
    I2C2_IRQHandler                          0x00000277   Thumb Code     0  startup_m480.o(.text)
    I2S0_IRQHandler                          0x00000277   Thumb Code     0  startup_m480.o(.text)
    IRC_IRQHandler                           0x00000277   Thumb Code     0  startup_m480.o(.text)
    OHCI_IRQHandler                          0x00000277   Thumb Code     0  startup_m480.o(.text)
    OPA0_IRQHandler                          0x00000277   Thumb Code     0  startup_m480.o(.text)
    PWRWU_IRQHandler                         0x00000277   Thumb Code     0  startup_m480.o(.text)
    QEI0_IRQHandler                          0x00000277   Thumb Code     0  startup_m480.o(.text)
    QEI1_IRQHandler                          0x00000277   Thumb Code     0  startup_m480.o(.text)
    QSPI0_IRQHandler                         0x00000277   Thumb Code     0  startup_m480.o(.text)
    QSPI1_IRQHandler                         0x00000277   Thumb Code     0  startup_m480.o(.text)
    RAMPE_IRQHandler                         0x00000277   Thumb Code     0  startup_m480.o(.text)
    RTC_IRQHandler                           0x00000277   Thumb Code     0  startup_m480.o(.text)
    SC0_IRQHandler                           0x00000277   Thumb Code     0  startup_m480.o(.text)
    SC1_IRQHandler                           0x00000277   Thumb Code     0  startup_m480.o(.text)
    SC2_IRQHandler                           0x00000277   Thumb Code     0  startup_m480.o(.text)
    SDH0_IRQHandler                          0x00000277   Thumb Code     0  startup_m480.o(.text)
    SDH1_IRQHandler                          0x00000277   Thumb Code     0  startup_m480.o(.text)
    SPI0_IRQHandler                          0x00000277   Thumb Code     0  startup_m480.o(.text)
    SPI2_IRQHandler                          0x00000277   Thumb Code     0  startup_m480.o(.text)
    SPI3_IRQHandler                          0x00000277   Thumb Code     0  startup_m480.o(.text)
    SPIM_IRQHandler                          0x00000277   Thumb Code     0  startup_m480.o(.text)
    TAMPER_IRQHandler                        0x00000277   Thumb Code     0  startup_m480.o(.text)
    TMR0_IRQHandler                          0x00000277   Thumb Code     0  startup_m480.o(.text)
    TMR2_IRQHandler                          0x00000277   Thumb Code     0  startup_m480.o(.text)
    TMR3_IRQHandler                          0x00000277   Thumb Code     0  startup_m480.o(.text)
    TRNG_IRQHandler                          0x00000277   Thumb Code     0  startup_m480.o(.text)
    UART0_IRQHandler                         0x00000277   Thumb Code     0  startup_m480.o(.text)
    UART1_IRQHandler                         0x00000277   Thumb Code     0  startup_m480.o(.text)
    UART2_IRQHandler                         0x00000277   Thumb Code     0  startup_m480.o(.text)
    UART3_IRQHandler                         0x00000277   Thumb Code     0  startup_m480.o(.text)
    UART4_IRQHandler                         0x00000277   Thumb Code     0  startup_m480.o(.text)
    UART5_IRQHandler                         0x00000277   Thumb Code     0  startup_m480.o(.text)
    UART6_IRQHandler                         0x00000277   Thumb Code     0  startup_m480.o(.text)
    UART7_IRQHandler                         0x00000277   Thumb Code     0  startup_m480.o(.text)
    USBD20_IRQHandler                        0x00000277   Thumb Code     0  startup_m480.o(.text)
    USBD_IRQHandler                          0x00000277   Thumb Code     0  startup_m480.o(.text)
    USBOTG20_IRQHandler                      0x00000277   Thumb Code     0  startup_m480.o(.text)
    USBOTG_IRQHandler                        0x00000277   Thumb Code     0  startup_m480.o(.text)
    USCI0_IRQHandler                         0x00000277   Thumb Code     0  startup_m480.o(.text)
    USCI1_IRQHandler                         0x00000277   Thumb Code     0  startup_m480.o(.text)
    WDT_IRQHandler                           0x00000277   Thumb Code     0  startup_m480.o(.text)
    WWDT_IRQHandler                          0x00000277   Thumb Code     0  startup_m480.o(.text)
    __aeabi_memcpy                           0x0000028d   Thumb Code    36  memcpya.o(.text)
    __aeabi_memcpy4                          0x0000028d   Thumb Code     0  memcpya.o(.text)
    __aeabi_memcpy8                          0x0000028d   Thumb Code     0  memcpya.o(.text)
    __aeabi_uldivmod                         0x000002b1   Thumb Code    98  uldiv.o(.text)
    __scatterload                            0x00000315   Thumb Code    28  init.o(.text)
    __scatterload_rt2                        0x00000315   Thumb Code     0  init.o(.text)
    __aeabi_llsl                             0x00000339   Thumb Code    30  llshl.o(.text)
    _ll_shift_l                              0x00000339   Thumb Code     0  llshl.o(.text)
    __aeabi_llsr                             0x00000357   Thumb Code    32  llushr.o(.text)
    _ll_ushift_r                             0x00000357   Thumb Code     0  llushr.o(.text)
    CLK_DisablePLL                           0x00000377   Thumb Code    18  clk.o(i.CLK_DisablePLL)
    CLK_EnableModuleClock                    0x00000389   Thumb Code    24  clk.o(i.CLK_EnableModuleClock)
    CLK_EnablePLL                            0x000003a5   Thumb Code   308  clk.o(i.CLK_EnablePLL)
    CLK_EnableXtalRC                         0x000004f9   Thumb Code    16  clk.o(i.CLK_EnableXtalRC)
    CLK_GetCPUFreq                           0x00000509   Thumb Code    12  clk.o(i.CLK_GetCPUFreq)
    CLK_GetHCLKFreq                          0x00000519   Thumb Code    12  clk.o(i.CLK_GetHCLKFreq)
    CLK_GetHXTFreq                           0x00000529   Thumb Code    16  clk.o(i.CLK_GetHXTFreq)
    CLK_GetLXTFreq                           0x0000053d   Thumb Code    22  clk.o(i.CLK_GetLXTFreq)
    CLK_GetPCLK0Freq                         0x00000555   Thumb Code    96  clk.o(i.CLK_GetPCLK0Freq)
    CLK_GetPCLK1Freq                         0x000005b9   Thumb Code    98  clk.o(i.CLK_GetPCLK1Freq)
    CLK_GetPLLClockFreq                      0x00000621   Thumb Code    66  clk.o(i.CLK_GetPLLClockFreq)
    CLK_SetCoreClock                         0x00000671   Thumb Code   128  clk.o(i.CLK_SetCoreClock)
    CLK_SetHCLK                              0x000006f5   Thumb Code    98  clk.o(i.CLK_SetHCLK)
    CLK_SetModuleClock                       0x00000759   Thumb Code   140  clk.o(i.CLK_SetModuleClock)
    CLK_WaitClockReady                       0x000007ed   Thumb Code    38  clk.o(i.CLK_WaitClockReady)
    GPIO_SetMode                             0x00000819   Thumb Code    44  gpio.o(i.GPIO_SetMode)
    GPIO_SetSlewCtl                          0x00000845   Thumb Code    44  gpio.o(i.GPIO_SetSlewCtl)
    Hard_Fault_Handler                       0x00000871   Thumb Code    16  retarget.o(i.Hard_Fault_Handler)
    LED_Init                                 0x00000899   Thumb Code    38  main.o(i.LED_Init)
    PDMA_EnableInt                           0x000008db   Thumb Code    52  pdma.o(i.PDMA_EnableInt)
    PDMA_IRQHandler                          0x00000911   Thumb Code    84  main.o(i.PDMA_IRQHandler)
    PDMA_Open                                0x00000971   Thumb Code    44  pdma.o(i.PDMA_Open)
    PDMA_SetBurstType                        0x000009a1   Thumb Code    22  pdma.o(i.PDMA_SetBurstType)
    PDMA_SetTransferAddr                     0x000009b7   Thumb Code    32  pdma.o(i.PDMA_SetTransferAddr)
    PDMA_SetTransferCnt                      0x000009d9   Thumb Code    32  pdma.o(i.PDMA_SetTransferCnt)
    PDMA_SetTransferMode                     0x000009fd   Thumb Code   310  pdma.o(i.PDMA_SetTransferMode)
    SPI1_IRQHandler                          0x00000b3d   Thumb Code    40  main.o(i.SPI1_IRQHandler)
    SPI_DisableInt                           0x00000b71   Thumb Code   122  spi.o(i.SPI_DisableInt)
    SPI_EnableInt                            0x00000beb   Thumb Code   122  spi.o(i.SPI_EnableInt)
    SPI_Master_Init                          0x00000c65   Thumb Code    74  main.o(i.SPI_Master_Init)
    SPI_Master_PDMA_Enable                   0x00000cbd   Thumb Code   138  main.o(i.SPI_Master_PDMA_Enable)
    SPI_Master_PDMA_PreInit                  0x00000d59   Thumb Code   152  main.o(i.SPI_Master_PDMA_PreInit)
    SPI_Open                                 0x00000e01   Thumb Code   484  spi.o(i.SPI_Open)
    SPI_SetFIFO                              0x00000ff5   Thumb Code    18  spi.o(i.SPI_SetFIFO)
    SYS_Init                                 0x00001009   Thumb Code   160  main.o(i.SYS_Init)
    SystemCoreClockUpdate                    0x00001101   Thumb Code    64  system_m480.o(i.SystemCoreClockUpdate)
    SystemInit                               0x00001149   Thumb Code   108  system_m480.o(i.SystemInit)
    TIMER0_HW_Init                           0x000011c1   Thumb Code    26  main.o(i.TIMER0_HW_Init)
    TIMER1_HW_Init                           0x000011e1   Thumb Code    26  main.o(i.TIMER1_HW_Init)
    TIMER1_Init                              0x00001201   Thumb Code    42  main.o(i.TIMER1_Init)
    TIMER_GetModuleClock                     0x00001231   Thumb Code   102  timer.o(i.TIMER_GetModuleClock)
    TIMER_Open                               0x000012a9   Thumb Code    54  timer.o(i.TIMER_Open)
    TMR1_IRQHandler                          0x000012e1   Thumb Code    74  main.o(i.TMR1_IRQHandler)
    UART_Open                                0x00001339   Thumb Code   246  uart.o(i.UART_Open)
    __0printf$8                              0x00001451   Thumb Code    22  printf8.o(i.__0printf$8)
    __1printf$8                              0x00001451   Thumb Code     0  printf8.o(i.__0printf$8)
    __2printf                                0x00001451   Thumb Code     0  printf8.o(i.__0printf$8)
    __scatterload_copy                       0x00001471   Thumb Code    14  handlers.o(i.__scatterload_copy)
    __scatterload_null                       0x0000147f   Thumb Code     2  handlers.o(i.__scatterload_null)
    __scatterload_zeroinit                   0x00001481   Thumb Code    14  handlers.o(i.__scatterload_zeroinit)
    fputc                                    0x000018f3   Thumb Code    12  retarget.o(i.fputc)
    main                                     0x00001901   Thumb Code   120  main.o(i.main)
    tick_counter                             0x00001aad   Thumb Code    10  main.o(i.tick_counter)
    Region$$Table$$Base                      0x00001b0c   Number         0  anon$$obj.o(Region$$Table)
    Region$$Table$$Limit                     0x00001b2c   Number         0  anon$$obj.o(Region$$Table)
    SystemCoreClock                          0x20000000   Data           4  system_m480.o(.data)
    CyclesPerUs                              0x20000004   Data           4  system_m480.o(.data)
    PllClock                                 0x20000008   Data           4  system_m480.o(.data)
    gau32ClkSrcTbl                           0x2000000c   Data          32  system_m480.o(.data)
    __stdout                                 0x2000002c   Data           4  retarget.o(.data)
    BitFlag                                  0x20000034   Data           4  main.o(.data)
    conter_tick                              0x20000038   Data           4  main.o(.data)
    g_au8MasterToSlaveTestPattern            0x2000003c   Data           8  main.o(.data)
    g_au8MasterRxBuffer                      0x20000044   Data           8  main.o(.data)
    __initial_sp                             0x20000860   Data           0  startup_m480.o(STACK)



==============================================================================

Memory Map of the image

  Image Entry point : 0x00000225

  Load Region LR_1 (Base: 0x00000000, Size: 0x00001b78, Max: 0xffffffff, ABSOLUTE)

    Execution Region ER_RO (Exec base: 0x00000000, Load base: 0x00000000, Size: 0x00001b2c, Max: 0xffffffff, ABSOLUTE)

    Exec Addr    Load Addr    Size         Type   Attr      Idx    E Section Name        Object

    0x00000000   0x00000000   0x000001f4   Data   RO          320    RESET               startup_m480.o
    0x000001f4   0x000001f4   0x00000000   Code   RO         1337  * .ARM.Collect$$$$00000000  mc_w.l(entry.o)
    0x000001f4   0x000001f4   0x00000004   Code   RO         1603    .ARM.Collect$$$$00000001  mc_w.l(entry2.o)
    0x000001f8   0x000001f8   0x00000004   Code   RO         1606    .ARM.Collect$$$$00000004  mc_w.l(entry5.o)
    0x000001fc   0x000001fc   0x00000000   Code   RO         1608    .ARM.Collect$$$$00000008  mc_w.l(entry7b.o)
    0x000001fc   0x000001fc   0x00000000   Code   RO         1610    .ARM.Collect$$$$0000000A  mc_w.l(entry8b.o)
    0x000001fc   0x000001fc   0x00000008   Code   RO         1611    .ARM.Collect$$$$0000000B  mc_w.l(entry9a.o)
    0x00000204   0x00000204   0x00000000   Code   RO         1613    .ARM.Collect$$$$0000000D  mc_w.l(entry10a.o)
    0x00000204   0x00000204   0x00000000   Code   RO         1615    .ARM.Collect$$$$0000000F  mc_w.l(entry11a.o)
    0x00000204   0x00000204   0x00000004   Code   RO         1604    .ARM.Collect$$$$00002712  mc_w.l(entry2.o)
    0x00000208   0x00000208   0x0000001c   Code   RO          328    .emb_text           retarget.o
    0x00000224   0x00000224   0x00000068   Code   RO          321  * .text               startup_m480.o
    0x0000028c   0x0000028c   0x00000024   Code   RO         1338    .text               mc_w.l(memcpya.o)
    0x000002b0   0x000002b0   0x00000062   Code   RO         1619    .text               mc_w.l(uldiv.o)
    0x00000312   0x00000312   0x00000002   PAD
    0x00000314   0x00000314   0x00000024   Code   RO         1632    .text               mc_w.l(init.o)
    0x00000338   0x00000338   0x0000001e   Code   RO         1634    .text               mc_w.l(llshl.o)
    0x00000356   0x00000356   0x00000020   Code   RO         1636    .text               mc_w.l(llushr.o)
    0x00000376   0x00000376   0x00000012   Code   RO          616    i.CLK_DisablePLL    clk.o
    0x00000388   0x00000388   0x0000001c   Code   RO          621    i.CLK_EnableModuleClock  clk.o
    0x000003a4   0x000003a4   0x00000154   Code   RO          622    i.CLK_EnablePLL     clk.o
    0x000004f8   0x000004f8   0x00000010   Code   RO          625    i.CLK_EnableXtalRC  clk.o
    0x00000508   0x00000508   0x00000010   Code   RO          626    i.CLK_GetCPUFreq    clk.o
    0x00000518   0x00000518   0x00000010   Code   RO          627    i.CLK_GetHCLKFreq   clk.o
    0x00000528   0x00000528   0x00000014   Code   RO          628    i.CLK_GetHXTFreq    clk.o
    0x0000053c   0x0000053c   0x00000016   Code   RO          629    i.CLK_GetLXTFreq    clk.o
    0x00000552   0x00000552   0x00000002   PAD
    0x00000554   0x00000554   0x00000064   Code   RO          632    i.CLK_GetPCLK0Freq  clk.o
    0x000005b8   0x000005b8   0x00000068   Code   RO          633    i.CLK_GetPCLK1Freq  clk.o
    0x00000620   0x00000620   0x00000050   Code   RO          634    i.CLK_GetPLLClockFreq  clk.o
    0x00000670   0x00000670   0x00000084   Code   RO          638    i.CLK_SetCoreClock  clk.o
    0x000006f4   0x000006f4   0x00000062   Code   RO          639    i.CLK_SetHCLK       clk.o
    0x00000756   0x00000756   0x00000002   PAD
    0x00000758   0x00000758   0x00000094   Code   RO          640    i.CLK_SetModuleClock  clk.o
    0x000007ec   0x000007ec   0x0000002c   Code   RO          643    i.CLK_WaitClockReady  clk.o
    0x00000818   0x00000818   0x0000002c   Code   RO          961    i.GPIO_SetMode      gpio.o
    0x00000844   0x00000844   0x0000002c   Code   RO          963    i.GPIO_SetSlewCtl   gpio.o
    0x00000870   0x00000870   0x00000028   Code   RO          329    i.Hard_Fault_Handler  retarget.o
    0x00000898   0x00000898   0x0000002c   Code   RO         1202    i.LED_Init          main.o
    0x000008c4   0x000008c4   0x00000016   Code   RO         1203    i.NVIC_EnableIRQ    main.o
    0x000008da   0x000008da   0x00000034   Code   RO         1010    i.PDMA_EnableInt    pdma.o
    0x0000090e   0x0000090e   0x00000002   PAD
    0x00000910   0x00000910   0x00000060   Code   RO         1204    i.PDMA_IRQHandler   main.o
    0x00000970   0x00000970   0x00000030   Code   RO         1012    i.PDMA_Open         pdma.o
    0x000009a0   0x000009a0   0x00000016   Code   RO         1013    i.PDMA_SetBurstType  pdma.o
    0x000009b6   0x000009b6   0x00000020   Code   RO         1017    i.PDMA_SetTransferAddr  pdma.o
    0x000009d6   0x000009d6   0x00000002   PAD
    0x000009d8   0x000009d8   0x00000024   Code   RO         1018    i.PDMA_SetTransferCnt  pdma.o
    0x000009fc   0x000009fc   0x00000140   Code   RO         1019    i.PDMA_SetTransferMode  pdma.o
    0x00000b3c   0x00000b3c   0x00000034   Code   RO         1205    i.SPI1_IRQHandler   main.o
    0x00000b70   0x00000b70   0x0000007a   Code   RO          823    i.SPI_DisableInt    spi.o
    0x00000bea   0x00000bea   0x0000007a   Code   RO          825    i.SPI_EnableInt     spi.o
    0x00000c64   0x00000c64   0x00000058   Code   RO         1206    i.SPI_Master_Init   main.o
    0x00000cbc   0x00000cbc   0x0000009c   Code   RO         1207    i.SPI_Master_PDMA_Enable  main.o
    0x00000d58   0x00000d58   0x000000a8   Code   RO         1208    i.SPI_Master_PDMA_PreInit  main.o
    0x00000e00   0x00000e00   0x000001f4   Code   RO          829    i.SPI_Open          spi.o
    0x00000ff4   0x00000ff4   0x00000012   Code   RO          831    i.SPI_SetFIFO       spi.o
    0x00001006   0x00001006   0x00000002   PAD
    0x00001008   0x00001008   0x000000b8   Code   RO         1209    i.SYS_Init          main.o
    0x000010c0   0x000010c0   0x00000020   Code   RO         1210    i.SYS_UnlockReg     main.o
    0x000010e0   0x000010e0   0x00000020   Code   RO          331    i.SendChar          retarget.o
    0x00001100   0x00001100   0x00000048   Code   RO            4    i.SystemCoreClockUpdate  system_m480.o
    0x00001148   0x00001148   0x00000078   Code   RO            5    i.SystemInit        system_m480.o
    0x000011c0   0x000011c0   0x00000020   Code   RO         1211    i.TIMER0_HW_Init    main.o
    0x000011e0   0x000011e0   0x00000020   Code   RO         1213    i.TIMER1_HW_Init    main.o
    0x00001200   0x00001200   0x00000030   Code   RO         1214    i.TIMER1_Init       main.o
    0x00001230   0x00001230   0x00000078   Code   RO         1119    i.TIMER_GetModuleClock  timer.o
    0x000012a8   0x000012a8   0x00000036   Code   RO         1120    i.TIMER_Open        timer.o
    0x000012de   0x000012de   0x00000002   PAD
    0x000012e0   0x000012e0   0x00000058   Code   RO         1215    i.TMR1_IRQHandler   main.o
    0x00001338   0x00001338   0x00000118   Code   RO          427    i.UART_Open         uart.o
    0x00001450   0x00001450   0x00000020   Code   RO         1549    i.__0printf$8       mc_w.l(printf8.o)
    0x00001470   0x00001470   0x0000000e   Code   RO         1644    i.__scatterload_copy  mc_w.l(handlers.o)
    0x0000147e   0x0000147e   0x00000002   Code   RO         1645    i.__scatterload_null  mc_w.l(handlers.o)
    0x00001480   0x00001480   0x0000000e   Code   RO         1646    i.__scatterload_zeroinit  mc_w.l(handlers.o)
    0x0000148e   0x0000148e   0x00000002   PAD
    0x00001490   0x00001490   0x00000410   Code   RO         1556    i._printf_core      mc_w.l(printf8.o)
    0x000018a0   0x000018a0   0x00000024   Code   RO         1557    i._printf_post_padding  mc_w.l(printf8.o)
    0x000018c4   0x000018c4   0x0000002e   Code   RO         1558    i._printf_pre_padding  mc_w.l(printf8.o)
    0x000018f2   0x000018f2   0x0000000c   Code   RO          335    i.fputc             retarget.o
    0x000018fe   0x000018fe   0x00000002   PAD
    0x00001900   0x00001900   0x00000104   Code   RO         1218    i.main              main.o
    0x00001a04   0x00001a04   0x000000a8   Code   RO          337    i.stackDump         retarget.o
    0x00001aac   0x00001aac   0x00000010   Code   RO         1220    i.tick_counter      main.o
    0x00001abc   0x00001abc   0x00000030   Data   RO          435    .constdata          uart.o
    0x00001aec   0x00001aec   0x00000020   Data   RO         1123    .constdata          timer.o
    0x00001b0c   0x00001b0c   0x00000020   Data   RO         1642    Region$$Table       anon$$obj.o


    Execution Region ER_RW (Exec base: 0x20000000, Load base: 0x00001b2c, Size: 0x0000004c, Max: 0xffffffff, ABSOLUTE)

    Exec Addr    Load Addr    Size         Type   Attr      Idx    E Section Name        Object

    0x20000000   0x00001b2c   0x0000002c   Data   RW            6    .data               system_m480.o
    0x2000002c   0x00001b58   0x00000004   Data   RW          338    .data               retarget.o
    0x20000030   0x00001b5c   0x0000001c   Data   RW         1221    .data               main.o


    Execution Region ER_ZI (Exec base: 0x2000004c, Load base: 0x00001b78, Size: 0x00000814, Max: 0xffffffff, ABSOLUTE)

    Exec Addr    Load Addr    Size         Type   Attr      Idx    E Section Name        Object

    0x2000004c        -       0x00000010   Zero   RW         1021    .bss                pdma.o
    0x2000005c   0x00001b78   0x00000004   PAD
    0x20000060        -       0x00000800   Zero   RW          318    STACK               startup_m480.o


==============================================================================

Image component sizes


      Code (inc. data)   RO Data    RW Data    ZI Data      Debug   Object Name

      1182         90          0          0          0      11683   clk.o
        88          0          0          0          0       1805   gpio.o
      1318        280          0         28          0     123599   main.o
       510         34          0          0         16       5125   pdma.o
       280        130          0          4          0      16947   retarget.o
       762         16          0          0          0       3890   spi.o
       104         20        500          0       2048        948   startup_m480.o
       192         20          0         44          0      68707   system_m480.o
       174         18         32          0          0       2160   timer.o
       280         34         48          0          0       1432   uart.o

    ----------------------------------------------------------------------
      4904        642        612         76       2068     236296   Object Totals
         0          0         32          0          0          0   (incl. Generated)
        14          0          0          0          4          0   (incl. Padding)

    ----------------------------------------------------------------------

      Code (inc. data)   RO Data    RW Data    ZI Data      Debug   Library Member Name

         0          0          0          0          0          0   entry.o
         0          0          0          0          0          0   entry10a.o
         0          0          0          0          0          0   entry11a.o
         8          4          0          0          0          0   entry2.o
         4          0          0          0          0          0   entry5.o
         0          0          0          0          0          0   entry7b.o
         0          0          0          0          0          0   entry8b.o
         8          4          0          0          0          0   entry9a.o
        30          0          0          0          0          0   handlers.o
        36          8          0          0          0         68   init.o
        30          0          0          0          0         68   llshl.o
        32          0          0          0          0         68   llushr.o
        36          0          0          0          0         68   memcpya.o
      1154         54          0          0          0        352   printf8.o
        98          0          0          0          0         92   uldiv.o

    ----------------------------------------------------------------------
      1440         70          0          0          0        716   Library Totals
         4          0          0          0          0          0   (incl. Padding)

    ----------------------------------------------------------------------

      Code (inc. data)   RO Data    RW Data    ZI Data      Debug   Library Name

      1436         70          0          0          0        716   mc_w.l

    ----------------------------------------------------------------------
      1440         70          0          0          0        716   Library Totals

    ----------------------------------------------------------------------

==============================================================================


      Code (inc. data)   RO Data    RW Data    ZI Data      Debug   

      6344        712        612         76       2068     232304   Grand Totals
      6344        712        612         76       2068     232304   ELF Image Totals
      6344        712        612         76          0          0   ROM Totals

==============================================================================

    Total RO  Size (Code + RO Data)                 6956 (   6.79kB)
    Total RW  Size (RW Data + ZI Data)              2144 (   2.09kB)
    Total ROM Size (Code + RO Data + RW Data)       7032 (   6.87kB)

==============================================================================

